// Jest Snapshot v1, https://goo.gl/fbAQLP

exports[`SemanticDomainStatistics renders without crashing, UI does not change unexpectedly 1`] = `
<div
  className="MuiGrid-root MuiGrid-container css-1lym95h-MuiGrid-root"
>
  <div
    className="MuiPaper-root MuiPaper-elevation MuiPaper-rounded MuiPaper-elevation1 MuiCard-root css-bhp9pd-MuiPaper-root-MuiCard-root"
    style={
      Object {
        "width": 600,
      }
    }
  >
    <ul
      className="MuiList-root MuiList-padding css-h4y409-MuiList-root"
    >
      <div
        className="MuiGrid-root MuiGrid-container MuiGrid-wrap-xs-nowrap css-1ymxtd0-MuiGrid-root"
      >
        <div
          className="MuiGrid-root MuiGrid-item MuiGrid-grid-xs-5 css-k3f0g4-MuiGrid-root"
          style={
            Object {
              "borderBottomStyle": "dotted",
              "borderBottomWidth": 1,
              "position": "relative",
            }
          }
        >
          <h6
            className="MuiTypography-root MuiTypography-subtitle1 css-10wpov9-MuiTypography-root"
          >
            statistics.domainNumber
          </h6>
        </div>
        <div
          className="MuiGrid-root MuiGrid-item MuiGrid-grid-xs-5 css-k3f0g4-MuiGrid-root"
          style={
            Object {
              "borderBottomStyle": "dotted",
              "borderBottomWidth": 1,
              "position": "relative",
            }
          }
        >
          <h6
            className="MuiTypography-root MuiTypography-subtitle1 css-10wpov9-MuiTypography-root"
          >
            statistics.domainName
          </h6>
        </div>
        <div
          className="MuiGrid-root MuiGrid-item MuiGrid-grid-xs-5 css-k3f0g4-MuiGrid-root"
          style={
            Object {
              "borderBottomStyle": "dotted",
              "borderBottomWidth": 1,
              "position": "relative",
            }
          }
        >
          <h6
            className="MuiTypography-root MuiTypography-subtitle1 css-10wpov9-MuiTypography-root"
          >
            statistics.countSenses
          </h6>
        </div>
      </div>
    </ul>
    <ul
      className="MuiList-root MuiList-padding css-h4y409-MuiList-root"
    >
      <li
        className="MuiListItem-root MuiListItem-gutters MuiListItem-padding css-1p823my-MuiListItem-root"
        disabled={false}
        style={
          Object {
            "minWidth": "600px",
          }
        }
      >
        <div
          className="MuiGrid-root MuiGrid-container MuiGrid-wrap-xs-nowrap css-1ymxtd0-MuiGrid-root"
        >
          <div
            className="MuiGrid-root MuiGrid-item MuiGrid-grid-xs-5 css-k3f0g4-MuiGrid-root"
            style={
              Object {
                "borderBottomStyle": "dotted",
                "borderBottomWidth": 1,
                "position": "relative",
              }
            }
          >
            <p
              className="MuiTypography-root MuiTypography-body1 css-ahj2mt-MuiTypography-root"
            >
              
            </p>
          </div>
          <div
            className="MuiGrid-root MuiGrid-item MuiGrid-grid-xs-5 css-k3f0g4-MuiGrid-root"
            style={
              Object {
                "borderBottomStyle": "dotted",
                "borderBottomWidth": 1,
                "position": "relative",
              }
            }
          >
            <p
              className="MuiTypography-root MuiTypography-body1 css-ahj2mt-MuiTypography-root"
            >
              
            </p>
          </div>
          <div
            className="MuiGrid-root MuiGrid-item MuiGrid-grid-xs-5 css-k3f0g4-MuiGrid-root"
            style={
              Object {
                "borderBottomStyle": "dotted",
                "borderBottomWidth": 1,
                "position": "relative",
              }
            }
          >
            <p
              className="MuiTypography-root MuiTypography-body1 css-ahj2mt-MuiTypography-root"
            >
              0
            </p>
          </div>
        </div>
      </li>
    </ul>
  </div>
</div>
`;
