// Jest Snapshot v1, https://goo.gl/fbAQLP

exports[`Tests AddWords Renders correctly 1`] = `
<div
  className="MuiContainer-root MuiContainer-maxWidthLg"
  in={true}
>
  <div
    className="MuiGrid-root MuiGrid-container MuiGrid-direction-xs-column MuiGrid-align-items-xs-center MuiGrid-justify-xs-center"
  >
    <div
      className="MuiGrid-root MuiGrid-item"
    />
    <div
      className="MuiGrid-root MuiGrid-item"
    >
      <ul
        className="MuiGridList-root"
        style={
          Object {
            "margin": -1,
          }
        }
      >
        <li
          className="MuiGridListTile-root"
          style={
            Object {
              "height": "auto",
              "padding": 1,
              "width": "20%",
            }
          }
        >
          <div
            className="MuiGridListTile-tile"
          />
        </li>
        <li
          className="MuiGridListTile-root"
          style={
            Object {
              "height": "auto",
              "padding": 1,
              "width": "60%",
            }
          }
        >
          <div
            className="MuiGridListTile-tile"
          >
            <div
              className="MuiPaper-root MuiPaper-elevation1 MuiCard-root MuiPaper-rounded"
            >
              <button
                className="MuiButtonBase-root MuiButton-root MuiButton-contained MuiButton-containedPrimary MuiButton-sizeLarge MuiButton-fullWidth"
                disabled={false}
                onBlur={[Function]}
                onClick={[Function]}
                onFocus={[Function]}
                onKeyDown={[Function]}
                onKeyUp={[Function]}
                onMouseDown={[Function]}
                onMouseLeave={[Function]}
                onMouseUp={[Function]}
                onTouchEnd={[Function]}
                onTouchMove={[Function]}
                onTouchStart={[Function]}
                tabIndex={0}
                type="button"
              >
                <span
                  className="MuiButton-label"
                >
                  <div
                    style={
                      Object {
                        "textTransform": "capitalize",
                      }
                    }
                  >
                    <span
                      className="MuiTypography-root MuiTypography-overline"
                    >
                      1.1.1.1
                    </span>
                    <h6
                      className="MuiTypography-root MuiTypography-h6"
                    >
                      moon
                    </h6>
                  </div>
                </span>
                <span
                  className="MuiTouchRipple-root"
                />
              </button>
              <div
                className="MuiFormControl-root MuiTextField-root MuiFormControl-marginNormal MuiFormControl-fullWidth"
                onKeyUp={[Function]}
              >
                <label
                  className="MuiFormLabel-root MuiInputLabel-root MuiInputLabel-formControl MuiInputLabel-animated"
                  data-shrink={false}
                  htmlFor="name"
                >
                  Find a domain
                </label>
                <div
                  className="MuiInputBase-root MuiInput-root MuiInput-underline MuiInputBase-fullWidth MuiInput-fullWidth MuiInputBase-formControl MuiInput-formControl"
                  onClick={[Function]}
                >
                  <input
                    aria-invalid={false}
                    autoComplete="off"
                    className="MuiInputBase-input MuiInput-input"
                    disabled={false}
                    id="name"
                    onBlur={[Function]}
                    onChange={[Function]}
                    onFocus={[Function]}
                    required={false}
                    type="text"
                  />
                </div>
              </div>
            </div>
          </div>
        </li>
        <li
          className="MuiGridListTile-root"
          style={
            Object {
              "height": "auto",
              "padding": 1,
              "width": "20%",
            }
          }
        >
          <div
            className="MuiGridListTile-tile"
          />
        </li>
      </ul>
    </div>
    <div
      className="MuiGrid-root MuiGrid-item"
    >
      <ul
        className="MuiGridList-root"
        style={
          Object {
            "margin": -0,
            "width": 150,
          }
        }
      >
        <li
          className="MuiGridListTile-root"
          style={
            Object {
              "height": "auto",
              "padding": 0,
              "width": "100%",
            }
          }
        >
          <div
            className="MuiGridListTile-tile"
          >
            <img
              alt="parent.svg"
              height="100%"
              src="parent.svg"
              width={150}
            />
          </div>
        </li>
        <li
          className="MuiGridListTile-root"
          style={
            Object {
              "height": "auto",
              "padding": 0,
              "width": "100%",
            }
          }
        >
          <div
            className="MuiGridListTile-tile"
          >
            <button
              className="MuiButtonBase-root MuiButton-root MuiButton-outlined MuiButton-outlinedPrimary"
              disabled={false}
              id="1.1.1"
              onBlur={[Function]}
              onClick={[Function]}
              onFocus={[Function]}
              onKeyDown={[Function]}
              onKeyUp={[Function]}
              onMouseDown={[Function]}
              onMouseLeave={[Function]}
              onMouseUp={[Function]}
              onTouchEnd={[Function]}
              onTouchMove={[Function]}
              onTouchStart={[Function]}
              style={
                Object {
                  "bottom": 0,
                  "height": "90%",
                  "left": 0,
                  "margin": "5%",
                  "width": "90%",
                }
              }
              tabIndex={0}
              type="button"
            >
              <span
                className="MuiButton-label"
              >
                <div
                  style={
                    Object {
                      "textTransform": "capitalize",
                    }
                  }
                >
                  <span
                    className="MuiTypography-root MuiTypography-overline"
                  >
                    1.1.1
                  </span>
                  <p
                    className="MuiTypography-root MuiTypography-body1"
                  >
                    sun
                  </p>
                </div>
              </span>
              <span
                className="MuiTouchRipple-root"
              />
            </button>
          </div>
        </li>
      </ul>
    </div>
  </div>
</div>
`;
